// Jest Snapshot v1, https://goo.gl/fbAQLP

exports[`App Component - Lesson Structure matches lesson 1 app structure snapshot 1`] = `
<div
  class="App"
  data-testid="app-container"
>
  <header
    class="App-header"
  >
    <img
      alt="logo"
      class="App-logo"
      src="logo.svg"
    />
    <h1>
      React Snapshot Testing Course
    </h1>
    <p>
      Learn snapshot testing step by step with organized lessons!
    </p>
  </header>
  <main>
    <section
      data-testid="lesson-1-section"
    >
      <h2>
        Lesson 1: Basic Testing Setup
      </h2>
      <div
        class="welcome-container"
        data-testid="welcome-container"
      >
        <h1>
          Welcome, 
          Student
          !
        </h1>
        <p>
          Thank you for joining our React Snapshot Testing course.
        </p>
        <div
          class="info"
          data-testid="date-info"
        >
          <span>
            Current date: 
            5/23/2025
          </span>
        </div>
      </div>
      <div
        style="margin: 20px; display: flex; gap: 10px; justify-content: center;"
      >
        <button
          class="btn btn-primary"
          data-testid="basic-button"
        >
          Primary Button
        </button>
        <button
          class="btn btn-secondary"
          data-testid="basic-button"
        >
          Secondary Button
        </button>
        <button
          class="btn btn-primary btn-disabled"
          data-testid="basic-button"
          disabled=""
        >
          Disabled Button
        </button>
      </div>
    </section>
    <section
      data-testid="course-info"
    >
      <p>
        <a
          class="App-link"
          href="https://reactjs.org"
          rel="noopener noreferrer"
          target="_blank"
        >
          Learn React Testing
        </a>
      </p>
    </section>
  </main>
</div>
`;
